// Jest Snapshot v1, https://goo.gl/fbAQLP

exports[`React-Bootstrap Modal FAB matches the snapshot 1`] = `ReactWrapper {}`;
